Archive member included to satisfy reference by file (symbol)

/opt/riscv/lib/gcc/riscv64-unknown-elf/13.2.0/rv32i/ilp32/libgcc.a(_clzsi2.o)
                              ./output/tasks.o (__clzsi2)
/opt/riscv/lib/gcc/riscv64-unknown-elf/13.2.0/rv32i/ilp32/libgcc.a(muldi3.o)
                              ./output/queue.o (__mulsi3)
/opt/riscv/lib/gcc/riscv64-unknown-elf/13.2.0/rv32i/ilp32/libgcc.a(div.o)
                              ./output/integer.o (__divsi3)
/opt/riscv/lib/gcc/riscv64-unknown-elf/13.2.0/rv32i/ilp32/libgcc.a(_clz.o)
                              /opt/riscv/lib/gcc/riscv64-unknown-elf/13.2.0/rv32i/ilp32/libgcc.a(_clzsi2.o) (__clz_tab)
/opt/riscv/lib/gcc/riscv64-unknown-elf/13.2.0/../../../../riscv64-unknown-elf/lib/rv32i/ilp32/libc.a(libc_a-memcmp.o)
                              ./output/MessageBufferDemo.o (memcmp)
/opt/riscv/lib/gcc/riscv64-unknown-elf/13.2.0/../../../../riscv64-unknown-elf/lib/rv32i/ilp32/libc.a(libc_a-memset.o)
                              ./output/tasks.o (memset)
/opt/riscv/lib/gcc/riscv64-unknown-elf/13.2.0/../../../../riscv64-unknown-elf/lib/rv32i/ilp32/libc.a(libc_a-memcpy.o)
                              ./output/queue.o (memcpy)
/opt/riscv/lib/gcc/riscv64-unknown-elf/13.2.0/../../../../riscv64-unknown-elf/lib/rv32i/ilp32/libc.a(libc_a-strlen.o)
                              ./output/tasks.o (strlen)
/opt/riscv/lib/gcc/riscv64-unknown-elf/13.2.0/../../../../riscv64-unknown-elf/lib/rv32i/ilp32/libc.a(libc_a-strcmp.o)
                              ./output/MessageBufferAMP.o (strcmp)

Discarded input sections

 .group         0x00000000        0xc ./output/tasks.o
 .group         0x00000000        0xc ./output/tasks.o
 .group         0x00000000        0xc ./output/tasks.o
 .group         0x00000000        0xc ./output/tasks.o
 .group         0x00000000        0xc ./output/tasks.o
 .group         0x00000000        0xc ./output/tasks.o
 .group         0x00000000        0xc ./output/tasks.o
 .group         0x00000000        0xc ./output/tasks.o
 .group         0x00000000        0xc ./output/tasks.o
 .group         0x00000000        0xc ./output/tasks.o
 .group         0x00000000        0xc ./output/tasks.o
 .group         0x00000000        0xc ./output/tasks.o
 .group         0x00000000        0xc ./output/tasks.o
 .group         0x00000000        0xc ./output/tasks.o
 .group         0x00000000        0xc ./output/tasks.o
 .group         0x00000000        0xc ./output/tasks.o
 .group         0x00000000        0xc ./output/tasks.o
 .group         0x00000000        0xc ./output/tasks.o
 .group         0x00000000        0xc ./output/tasks.o
 .group         0x00000000        0xc ./output/tasks.o
 .group         0x00000000        0xc ./output/tasks.o
 .group         0x00000000        0xc ./output/tasks.o
 .group         0x00000000        0xc ./output/tasks.o
 .group         0x00000000        0xc ./output/tasks.o
 .group         0x00000000        0xc ./output/tasks.o
 .group         0x00000000        0xc ./output/tasks.o
 .group         0x00000000        0xc ./output/tasks.o
 .group         0x00000000        0xc ./output/tasks.o
 .group         0x00000000        0xc ./output/tasks.o
 .group         0x00000000        0xc ./output/tasks.o
 .group         0x00000000        0xc ./output/tasks.o
 .group         0x00000000        0xc ./output/tasks.o
 .group         0x00000000        0xc ./output/tasks.o
 .group         0x00000000        0xc ./output/tasks.o
 .group         0x00000000        0xc ./output/tasks.o
 .group         0x00000000        0xc ./output/tasks.o
 .group         0x00000000        0xc ./output/tasks.o
 .group         0x00000000        0xc ./output/tasks.o
 .group         0x00000000        0xc ./output/tasks.o
 .group         0x00000000        0xc ./output/tasks.o
 .text          0x00000000        0x0 ./output/tasks.o
 .data          0x00000000        0x0 ./output/tasks.o
 .bss           0x00000000        0x0 ./output/tasks.o
 .text.prvSearchForNameWithinSingleList
                0x00000000       0x84 ./output/tasks.o
 .text.prvTaskIsTaskSuspended
                0x00000000       0x60 ./output/tasks.o
 .text.vTaskDelete
                0x00000000      0x178 ./output/tasks.o
 .text.eTaskGetState
                0x00000000       0xcc ./output/tasks.o
 .text.uxTaskPriorityGet
                0x00000000       0x28 ./output/tasks.o
 .text.uxTaskPriorityGetFromISR
                0x00000000       0x14 ./output/tasks.o
 .text.vTaskPrioritySet
                0x00000000      0x1a4 ./output/tasks.o
 .text.vTaskResume
                0x00000000      0x114 ./output/tasks.o
 .text.xTaskResumeFromISR
                0x00000000      0x118 ./output/tasks.o
 .text.vTaskEndScheduler
                0x00000000       0x14 ./output/tasks.o
 .text.xTaskGetTickCountFromISR
                0x00000000        0xc ./output/tasks.o
 .text.pcTaskGetName
                0x00000000       0x4c ./output/tasks.o
 .text.xTaskGetIdleTaskHandle
[...]
Memory Configuration

Name             Origin             Length             Attributes
rom              0x80000000         0x00080000         axr
ram              0x80080000         0x00080000         axw
*default*        0x00000000         0xffffffff

Linker script and memory map

LOAD ./output/tasks.o
LOAD ./output/list.o
LOAD ./output/queue.o
LOAD ./output/timers.o
LOAD ./output/event_groups.o
LOAD ./output/stream_buffer.o
LOAD ./output/heap_4.o
LOAD ./output/port.o
LOAD ./output/AbortDelay.o
LOAD ./output/BlockQ.o
LOAD ./output/blocktim.o
LOAD ./output/countsem.o
LOAD ./output/death.o
LOAD ./output/dynamic.o
LOAD ./output/EventGroupsDemo.o
LOAD ./output/GenQTest.o
LOAD ./output/integer.o
LOAD ./output/IntSemTest.o
LOAD ./output/MessageBufferAMP.o
LOAD ./output/MessageBufferDemo.o
LOAD ./output/PollQ.o
LOAD ./output/QPeek.o
LOAD ./output/QueueOverwrite.o
LOAD ./output/QueueSet.o
LOAD ./output/QueueSetPolling.o
LOAD ./output/recmutex.o
LOAD ./output/semtest.o
LOAD ./output/StaticAllocation.o
LOAD ./output/StreamBufferDemo.o
LOAD ./output/StreamBufferInterrupt.o
LOAD ./output/TaskNotify.o
LOAD ./output/TaskNotifyArray.o
LOAD ./output/TimerDemo.o
LOAD ./output/main.o
LOAD ./output/main_blinky.o
LOAD ./output/main_full.o
LOAD ./output/ns16550.o
LOAD ./output/riscv-virt.o
LOAD ./output/printf-stdarg.o
LOAD ./output/portASM.o
LOAD ./output/start.o
LOAD ./output/RegTest.o
LOAD ./output/vector.o
                0x0000015e                        __stack_size = 0x15e
START GROUP
END GROUP
LOAD /opt/riscv/lib/gcc/riscv64-unknown-elf/13.2.0/rv32i/ilp32/libgcc.a
START GROUP
LOAD /opt/riscv/lib/gcc/riscv64-unknown-elf/13.2.0/../../../../riscv64-unknown-elf/lib/rv32i/ilp32/libc.a
LOAD /opt/riscv/lib/gcc/riscv64-unknown-elf/13.2.0/../../../../riscv64-unknown-elf/lib/rv32i/ilp32/libgloss.a
END GROUP
LOAD /opt/riscv/lib/gcc/riscv64-unknown-elf/13.2.0/rv32i/ilp32/libgcc.a

.init           0x80000000       0x84
                0x80000000                        _text = .
 *(SORT_NONE(.init))
 .init          0x80000000       0x84 ./output/start.o
                0x80000000                _start

.text           0x80000100     0x3cb0
 *(.text.unlikely .text.unlikely.*)
 *(.text.startup .text.startup.*)
 .text.startup.main
                0x80000100       0x14 ./output/main.o
                0x80000100                main
 *(.text .text.*)
 .text.prvAddNewTaskToReadyList
                0x80000114      0x184 ./output/tasks.o
 .text.prvAddCurrentTaskToDelayedList
                0x80000298      0x124 ./output/tasks.o
 .text.prvResetNextTaskUnblockTime
                0x800003bc       0x28 ./output/tasks.o
 .text.prvDeleteTCB
                0x800003e4       0x5c ./output/tasks.o
 .text.prvIdleTask
                0x80000440       0x84 ./output/tasks.o
 .text.prvInitialiseNewTask.constprop.0
                0x800004c4      0x118 ./output/tasks.o
 .text.xTaskCreateStatic
                0x800005dc      0x10c ./output/tasks.o
                0x800005dc                xTaskCreateStatic
 .text.xTaskCreate
                0x800006e8       0xdc ./output/tasks.o
                0x800006e8                xTaskCreate
 .text.vTaskStartScheduler
                0x800007c4       0xa4 ./output/tasks.o
                0x800007c4                vTaskStartScheduler
 .text.vTaskSuspendAll
                0x80000868       0x10 ./output/tasks.o
                0x80000868                vTaskSuspendAll
 .text.xTaskGetTickCount
                0x80000878        0x8 ./output/tasks.o
                0x80000878                xTaskGetTickCount
 .text.uxTaskGetNumberOfTasks
                0x80000880        0x8 ./output/tasks.o
                0x80000880                uxTaskGetNumberOfTasks
 .text.xTaskIncrementTick
                0x80000888      0x1f4 ./output/tasks.o
                0x80000888                xTaskIncrementTick
 .text.xTaskResumeAll
                0x80000a7c      0x1c8 ./output/tasks.o
                0x80000a7c                xTaskResumeAll
 .text.xTaskDelayUntil
                0x80000c44       0xc0 ./output/tasks.o
                0x80000c44                xTaskDelayUntil
 .text.vTaskSwitchContext
                0x80000d04      0x114 ./output/tasks.o
                0x80000d04                vTaskSwitchContext
 .text.vTaskPlaceOnEventList
                0x80000e18       0x5c ./output/tasks.o
                0x80000e18                vTaskPlaceOnEventList
 .text.vTaskPlaceOnEventListRestricted
                0x80000e74       0xa4 ./output/tasks.o
                0x80000e74                vTaskPlaceOnEventListRestricted
 .text.xTaskRemoveFromEventList
                0x80000f18      0x13c ./output/tasks.o
                0x80000f18                xTaskRemoveFromEventList
 .text.vTaskInternalSetTimeOutState
                0x80001054       0x14 ./output/tasks.o
                0x80001054                vTaskInternalSetTimeOutState
 .text.xTaskCheckForTimeOut
                0x80001068       0xf4 ./output/tasks.o
                0x80001068                xTaskCheckForTimeOut
 .text.vTaskMissedYield
                0x8000115c        0xc ./output/tasks.o
                0x8000115c                vTaskMissedYield
 .text.xTaskGetSchedulerState
                0x80001168       0x1c ./output/tasks.o
                0x80001168                xTaskGetSchedulerState
 .text.xTaskPriorityDisinherit
                0x80001184      0x124 ./output/tasks.o
                0x80001184                xTaskPriorityDisinherit
 .text.vListInitialise
                0x800012a8       0x20 ./output/list.o
                0x800012a8                vListInitialise
 .text.vListInitialiseItem
                0x800012c8        0x8 ./output/list.o
                0x800012c8                vListInitialiseItem
 .text.vListInsert
                0x800012d0       0x50 ./output/list.o
                0x800012d0                vListInsert
 .text.uxListRemove
                0x80001320       0x38 ./output/list.o
                0x80001320                uxListRemove
 .text.prvIsQueueEmpty
                0x80001358       0x20 ./output/queue.o
 .text.prvCopyDataToQueue
                0x80001378       0xdc ./output/queue.o
 .text.prvCopyDataFromQueue
                0x80001454       0x38 ./output/queue.o
 .text.prvNotifyQueueSetContainer
                0x8000148c       0xfc ./output/queue.o
 .text.prvUnlockQueue
                0x80001588      0x128 ./output/queue.o
 .text.xQueueGenericReset
                0x800016b0      0x178 ./output/queue.o
                0x800016b0                xQueueGenericReset
 .text.xQueueGenericCreateStatic
                0x80001828       0xd8 ./output/queue.o
                0x80001828                xQueueGenericCreateStatic
 .text.xQueueGenericCreate
                0x80001900      0x114 ./output/queue.o
                0x80001900                xQueueGenericCreate
 .text.xQueueGenericSend
                0x80001a14      0x254 ./output/queue.o
                0x80001a14                xQueueGenericSend
 .text.xQueueGenericSendFromISR
                0x80001c68      0x160 ./output/queue.o
                0x80001c68                xQueueGenericSendFromISR
 .text.xQueueReceive
                0x80001dc8      0x1f4 ./output/queue.o
                0x80001dc8                xQueueReceive
 .text.vQueueAddToRegistry
                0x80001fbc       0x98 ./output/queue.o
                0x80001fbc                vQueueAddToRegistry
 .text.vQueueWaitForMessageRestricted
                0x80002054       0x78 ./output/queue.o
                0x80002054                vQueueWaitForMessageRestricted
 .text.prvInsertTimerInActiveList
                0x800020cc       0x5c ./output/timers.o
 .text.prvReloadTimer
                0x80002128       0x6c ./output/timers.o
 .text.prvProcessExpiredTimer
                0x80002194       0x70 ./output/timers.o
 .text.prvSampleTimeNow
                0x80002204       0x8c ./output/timers.o
 .text.prvTimerTask
                0x80002290      0x1f8 ./output/timers.o
 .text.prvCheckForValidListAndQueue
                0x80002488       0xb0 ./output/timers.o
 .text.xTimerCreateTimerTask
                0x80002538       0x84 ./output/timers.o
                0x80002538                xTimerCreateTimerTask
 .text.xTimerCreate
                0x800025bc       0xb0 ./output/timers.o
                0x800025bc                xTimerCreate
 .text.xTimerGenericCommand
                0x8000266c       0xc8 ./output/timers.o
                0x8000266c                xTimerGenericCommand
 .text.prvInsertBlockIntoFreeList
                0x80002734       0x64 ./output/heap_4.o
 .text.pvPortMalloc
                0x80002798      0x1c0 ./output/heap_4.o
                0x80002798                pvPortMalloc
 .text.vPortFree
                0x80002958       0xac ./output/heap_4.o
                0x80002958                vPortFree
 .text.vPortSetupTimerInterrupt
                0x80002a04       0x84 ./output/port.o
                0x80002a04                vPortSetupTimerInterrupt
 .text.xPortStartScheduler
                0x80002a88       0x40 ./output/port.o
                0x80002a88                xPortStartScheduler
 .text.vApplicationMallocFailedHook
                0x80002ac8       0x1c ./output/main.o
                0x80002ac8                vApplicationMallocFailedHook
 .text.vApplicationStackOverflowHook
                0x80002ae4       0x1c ./output/main.o
                0x80002ae4                vApplicationStackOverflowHook
 .text.vApplicationTickHook
                0x80002b00        0x4 ./output/main.o
                0x80002b00                vApplicationTickHook
 .text.vAssertCalled
                0x80002b04       0x64 ./output/main.o
                0x80002b04                vAssertCalled
 .text.vApplicationGetIdleTaskMemory
                0x80002b68       0x24 ./output/main.o
                0x80002b68                vApplicationGetIdleTaskMemory
 .text.vApplicationGetTimerTaskMemory
                0x80002b8c       0x24 ./output/main.o
                0x80002b8c                vApplicationGetTimerTaskMemory
 .text.prvQueueSendTimerCallback
                0x80002bb0       0x30 ./output/main_blinky.o
 .text.prvQueueSendTask
                0x80002be0       0x40 ./output/main_blinky.o
 .text.prvQueueReceiveTask
                0x80002c20       0x64 ./output/main_blinky.o
 .text.main_blinky
                0x80002c84       0xb4 ./output/main_blinky.o
                0x80002c84                main_blinky
 .text.vOutNS16550
                0x80002d38       0x1c ./output/ns16550.o
                0x80002d38                vOutNS16550
 .text.printchar
                0x80002d54       0x34 ./output/printf-stdarg.o
 .text.prints   0x80002d88      0x124 ./output/printf-stdarg.o
 .text.printi   0x80002eac      0x168 ./output/printf-stdarg.o
 .text.tiny_print
                0x80003014      0x26c ./output/printf-stdarg.o
 .text.printf   0x80003280       0x48 ./output/printf-stdarg.o
                0x80003280                printf
 .text          0x800032c8      0x118 ./output/portASM.o
                0x800032c8                pxPortInitialiseStack
                0x80003324                xPortStartFirstTask
                0x800033c0                freertos_risc_v_application_exception_handler
                0x800033d0                freertos_risc_v_application_interrupt_handler
 .text.freertos_risc_v_exception_handler
                0x800033e0      0x1f4 ./output/portASM.o
                0x800033e0                freertos_risc_v_exception_handler
 .text.freertos_risc_v_interrupt_handler
                0x800035d4      0x144 ./output/portASM.o
                0x800035d4                freertos_risc_v_interrupt_handler
 .text.freertos_risc_v_mtimer_interrupt_handler
                0x80003718      0x184 ./output/portASM.o
                0x80003718                freertos_risc_v_mtimer_interrupt_handler
 *fill*         0x8000389c       0x64 
 .text          0x80003900       0x80 ./output/vector.o
                0x80003900                freertos_vector_table
 .text          0x80003980       0x4c /opt/riscv/lib/gcc/riscv64-unknown-elf/13.2.0/rv32i/ilp32/libgcc.a(_clzsi2.o)
                0x80003980                __clzsi2
 .text          0x800039cc       0x24 /opt/riscv/lib/gcc/riscv64-unknown-elf/13.2.0/rv32i/ilp32/libgcc.a(muldi3.o)
                0x800039cc                __mulsi3
 .text          0x800039f0       0xb4 /opt/riscv/lib/gcc/riscv64-unknown-elf/13.2.0/rv32i/ilp32/libgcc.a(div.o)
                0x800039f0                __divsi3
                0x800039f8                __hidden___udivsi3
                0x800039f8                __udivsi3
                0x80003a40                __umodsi3
                0x80003a74                __modsi3
 .text          0x80003aa4       0xdc /opt/riscv/lib/gcc/riscv64-unknown-elf/13.2.0/../../../../riscv64-unknown-elf/lib/rv32i/ilp32/libc.a(libc_a-memset.o)
                0x80003aa4                memset
 .text.memcpy   0x80003b80      0x1a4 /opt/riscv/lib/gcc/riscv64-unknown-elf/13.2.0/../../../../riscv64-unknown-elf/lib/rv32i/ilp32/libc.a(libc_a-memcpy.o)
                0x80003b80                memcpy
 .text.strlen   0x80003d24       0x8c /opt/riscv/lib/gcc/riscv64-unknown-elf/13.2.0/../../../../riscv64-unknown-elf/lib/rv32i/ilp32/libc.a(libc_a-strlen.o)
                0x80003d24                strlen
 *(.gnu.linkonce.t.*)

.fini           0x80003db0        0x0
 *(SORT_NONE(.fini))
                0x80003db0                        _etext = .

.rodata.align   0x80003db0        0x0
                0x80003db0                        . = ALIGN (0x4)
                0x80003db0                        _rodata = .

.rodata.start   0x80003db0        0x0
                0x80003db0                        _rodata_lma = LOADADDR (.rodata.start)

.rodata         0x80003db0      0x290
 *(.rdata)
 *(.rodata .rodata.*)
 .rodata.prvTaskIsTaskSuspended.str1.4
                0x80003db0      0x16b ./output/tasks.o
                                 0x1d (size before relaxing)
 .rodata.vTaskStartScheduler.str1.4
                0x80003f1b        0x5 ./output/tasks.o
 .rodata.prvNotifyQueueSetContainer.str1.4
                0x80003f1b       0x1d ./output/queue.o
 .rodata.prvTimerTask.str1.4
                0x80003f1b       0x1e ./output/timers.o
 *fill*         0x80003f1b        0x1 
 .rodata.prvTimerTask
                0x80003f1c       0x24 ./output/timers.o
 .rodata.prvCheckForValidListAndQueue.str1.4
                0x80003f40        0x5 ./output/timers.o
 .rodata.xTimerCreateTimerTask.str1.4
                0x80003f40        0x8 ./output/timers.o
 .rodata.pvPortMalloc.str1.4
                0x80003f40       0x2f ./output/heap_4.o
 .rodata.vApplicationMallocFailedHook.str1.4
                0x80003f40       0x14 ./output/main.o
 .rodata.vApplicationStackOverflowHook.str1.4
                0x80003f40       0x1b ./output/main.o
 .rodata.vAssertCalled.str1.4
                0x80003f40       0x1b ./output/main.o
 .rodata.prvQueueReceiveTask.str1.4
                0x80003f40       0x5d ./output/main_blinky.o
 .rodata.main_blinky.str1.4
                0x80003f40        0xe ./output/main_blinky.o
 .rodata.tiny_print.str1.4
                0x80003f40        0x7 ./output/printf-stdarg.o
 .rodata        0x80003f40      0x100 /opt/riscv/lib/gcc/riscv64-unknown-elf/13.2.0/rv32i/ilp32/libgcc.a(_clz.o)
                0x80003f40                __clz_tab
 *(.gnu.linkonce.r.*)
                0x80004040                        . = ALIGN (0x4)
                0x80004040                        _erodata = .

.rela.dyn       0x80004040        0x0
 .rela.init     0x80004040        0x0 ./output/tasks.o

.data.align     0x80080000        0x0 load address 0x80004040
                0x80080000                        . = ALIGN (0x4)
                0x80080000                        _data = .

.data.start     0x80080000        0x0 load address 0x80004040
                0x80004040                        _data_lma = LOADADDR (.data.start)

.data           0x80080000       0x1c load address 0x80004040
 *(.data .data.*)
 *(.gnu.linkonce.d.*)
                0x80080000                        . = ALIGN (0x8)
                0x80080800                        PROVIDE (__global_pointer$ = (. + 0x800))
 *(.sdata .sdata.*)
 .sdata.pxCriticalNesting
                0x80080000        0x4 ./output/port.o
                0x80080000                pxCriticalNesting
 .sdata.xCriticalNesting
                0x80080004        0x4 ./output/port.o
                0x80080004                xCriticalNesting
 .sdata.pullNextTime
                0x80080008        0x4 ./output/port.o
                0x80080008                pullNextTime
 .sdata.dev     0x8008000c        0x4 ./output/printf-stdarg.o
 *(.sdata2 .sdata2.*)
 *(.gnu.linkonce.s.*)
                0x80080010                        . = ALIGN (0x8)
 *(.srodata.cst16)
 *(.srodata.cst8)
 *(.srodata.cst4)
 *(.srodata.cst2)
 *(.srodata .srodata.*)
 .srodata.uxTopUsedPriority
                0x80080010        0x4 ./output/tasks.o
                0x80080010                uxTopUsedPriority
 .srodata.uxTimerIncrementsForOneTick
                0x80080014        0x4 ./output/port.o
                0x80080014                uxTimerIncrementsForOneTick
 .srodata.xISRStackTop
                0x80080018        0x4 ./output/port.o
                0x80080018                xISRStackTop
                0x8008001c                        . = ALIGN (0x4)
                0x8008001c                        _edata = .

.bss.align      0x8008001c        0x0 load address 0x8000405c
                0x8008001c                        . = ALIGN (0x4)
                0x8008001c                        _bss = .

.bss.start      0x8008001c        0x0 load address 0x8000405c
                0x8000405c                        _bss_lma = LOADADDR (.bss.start)

.bss            0x80080020    0x14ea8 load address 0x8000405c
 *(.sbss*)
 .sbss.uxSchedulerSuspended
                0x80080020        0x4 ./output/tasks.o
 .sbss.xIdleTaskHandle
                0x80080024        0x4 ./output/tasks.o
 .sbss.xNextTaskUnblockTime
                0x80080028        0x4 ./output/tasks.o
 .sbss.uxTaskNumber
                0x8008002c        0x4 ./output/tasks.o
 .sbss.xNumOfOverflows
                0x80080030        0x4 ./output/tasks.o
 .sbss.xYieldPending
                0x80080034        0x4 ./output/tasks.o
 .sbss.xPendedTicks
                0x80080038        0x4 ./output/tasks.o
 .sbss.xSchedulerRunning
                0x8008003c        0x4 ./output/tasks.o
 .sbss.uxTopReadyPriority
                0x80080040        0x4 ./output/tasks.o
 .sbss.xTickCount
                0x80080044        0x4 ./output/tasks.o
 .sbss.uxCurrentNumberOfTasks
                0x80080048        0x4 ./output/tasks.o
 .sbss.uxDeletedTasksWaitingCleanUp
                0x8008004c        0x4 ./output/tasks.o
 .sbss.pxOverflowDelayedTaskList
                0x80080050        0x4 ./output/tasks.o
 .sbss.pxDelayedTaskList
                0x80080054        0x4 ./output/tasks.o
 .sbss.pxCurrentTCB
                0x80080058        0x4 ./output/tasks.o
                0x80080058                pxCurrentTCB
 .sbss.xLastTime.2
                0x8008005c        0x4 ./output/timers.o
 .sbss.xTimerTaskHandle
                0x80080060        0x4 ./output/timers.o
 .sbss.xTimerQueue
                0x80080064        0x4 ./output/timers.o
 .sbss.pxOverflowTimerList
                0x80080068        0x4 ./output/timers.o
 .sbss.pxCurrentTimerList
                0x8008006c        0x4 ./output/timers.o
 .sbss.xNumberOfSuccessfulFrees
                0x80080070        0x4 ./output/heap_4.o
 .sbss.xNumberOfSuccessfulAllocations
                0x80080074        0x4 ./output/heap_4.o
 .sbss.xMinimumEverFreeBytesRemaining
                0x80080078        0x4 ./output/heap_4.o
 .sbss.xFreeBytesRemaining
                0x8008007c        0x4 ./output/heap_4.o
 .sbss.pxEnd    0x80080080        0x4 ./output/heap_4.o
 .sbss.xStart   0x80080084        0x8 ./output/heap_4.o
 .sbss.xTaskReturnAddress
                0x8008008c        0x4 ./output/port.o
                0x8008008c                xTaskReturnAddress
 .sbss.pullMachineTimerCompareRegister
                0x80080090        0x4 ./output/port.o
                0x80080090                pullMachineTimerCompareRegister
 *fill*         0x80080094        0x4 
 .sbss.ullNextTime
                0x80080098        0x8 ./output/port.o
                0x80080098                ullNextTime
 .sbss.xQueue   0x800800a0        0x4 ./output/main_blinky.o
 *(.gnu.linkonce.sb.*)
 *(.bss .bss.*)
 .bss.xSuspendedTaskList
                0x800800a4       0x14 ./output/tasks.o
 .bss.xTasksWaitingTermination
                0x800800b8       0x14 ./output/tasks.o
 .bss.xPendingReadyList
                0x800800cc       0x14 ./output/tasks.o
 .bss.xDelayedTaskList2
                0x800800e0       0x14 ./output/tasks.o
 .bss.xDelayedTaskList1
                0x800800f4       0x14 ./output/tasks.o
 .bss.pxReadyTasksLists
                0x80080108       0xb4 ./output/tasks.o
 .bss.xQueueRegistry
                0x800801bc       0x50 ./output/queue.o
                0x800801bc                xQueueRegistry
 .bss.xStaticTimerQueue.0
                0x8008020c       0x4c ./output/timers.o
 .bss.ucStaticTimerQueueStorage.1
                0x80080258      0x140 ./output/timers.o
 .bss.xActiveTimerList2
                0x80080398       0x14 ./output/timers.o
 .bss.xActiveTimerList1
                0x800803ac       0x14 ./output/timers.o
 .bss.ucHeap    0x800803c0    0x14000 ./output/heap_4.o
 .bss.xISRStack
                0x800943c0      0x4b0 ./output/port.o
 .bss.uxTimerTaskStack.0
                0x80094870      0x3c0 ./output/main.o
 .bss.xTimerTaskTCB.1
                0x80094c30       0x5c ./output/main.o
 .bss.uxIdleTaskStack.2
                0x80094c8c      0x1e0 ./output/main.o
 .bss.xIdleTaskTCB.3
                0x80094e6c       0x5c ./output/main.o
 *(.gnu.linkonce.b.*)
 *(COMMON)
                0x80094ec8                        . = ALIGN (0x4)
                0x80094ec8                        _ebss = .
                0x80094ec8                        . = ALIGN (0x8)
                0x80094ec8                        _end = .

.stack          0x80094ec8      0x166
                0x80094ed0                        . = ALIGN (0x10)
 *fill*         0x80094ec8        0x8 
                0x8009502e                        . = (. + __stack_size)
 *fill*         0x80094ed0      0x15e 
                0x8009502e                        _stack_top = .
OUTPUT(./output/RTOSDemo.elf elf32-littleriscv)

.debug_info     0x00000000     0x8fa1
 .debug_info    0x00000000     0x2dde ./output/tasks.o
 .debug_info    0x00002dde      0x2ab ./output/list.o
 .debug_info    0x00003089     0x2690 ./output/queue.o
 .debug_info    0x00005719     0x1905 ./output/timers.o
 .debug_info    0x0000701e      0x65c ./output/heap_4.o
 .debug_info    0x0000767a      0x2e3 ./output/port.o
 .debug_info    0x0000795d      0x549 ./output/main.o
 .debug_info    0x00007ea6      0x56b ./output/main_blinky.o
 .debug_info    0x00008411      0x178 ./output/ns16550.o
 .debug_info    0x00008589      0x6e6 ./output/printf-stdarg.o
 .debug_info    0x00008c6f       0x23 ./output/portASM.o
 .debug_info    0x00008c92       0x25 ./output/start.o
 .debug_info    0x00008cb7       0x24 ./output/vector.o
 .debug_info    0x00008cdb      0x150 /opt/riscv/lib/gcc/riscv64-unknown-elf/13.2.0/rv32i/ilp32/libgcc.a(_clzsi2.o)
 .debug_info    0x00008e2b       0x31 /opt/riscv/lib/gcc/riscv64-unknown-elf/13.2.0/rv32i/ilp32/libgcc.a(muldi3.o)
 .debug_info    0x00008e5c       0x5f /opt/riscv/lib/gcc/riscv64-unknown-elf/13.2.0/rv32i/ilp32/libgcc.a(div.o)
 .debug_info    0x00008ebb       0xe6 /opt/riscv/lib/gcc/riscv64-unknown-elf/13.2.0/rv32i/ilp32/libgcc.a(_clz.o)

.debug_abbrev   0x00000000     0x1b5b
 .debug_abbrev  0x00000000      0x4ce ./output/tasks.o
 .debug_abbrev  0x000004ce      0x118 ./output/list.o
 .debug_abbrev  0x000005e6      0x404 ./output/queue.o
 .debug_abbrev  0x000009ea      0x417 ./output/timers.o
 .debug_abbrev  0x00000e01      0x2cb ./output/heap_4.o
 .debug_abbrev  0x000010cc      0x18d ./output/port.o
 .debug_abbrev  0x00001259      0x221 ./output/main.o
 .debug_abbrev  0x0000147a      0x182 ./output/main_blinky.o
 .debug_abbrev  0x000015fc      0x11d ./output/ns16550.o
 .debug_abbrev  0x00001719      0x27e ./output/printf-stdarg.o
 .debug_abbrev  0x00001997       0x12 ./output/portASM.o
 .debug_abbrev  0x000019a9       0x14 ./output/start.o
 .debug_abbrev  0x000019bd       0x14 ./output/vector.o
 .debug_abbrev  0x000019d1       0xca /opt/riscv/lib/gcc/riscv64-unknown-elf/13.2.0/rv32i/ilp32/libgcc.a(_clzsi2.o)
 .debug_abbrev  0x00001a9b       0x28 /opt/riscv/lib/gcc/riscv64-unknown-elf/13.2.0/rv32i/ilp32/libgcc.a(muldi3.o)
 .debug_abbrev  0x00001ac3       0x28 /opt/riscv/lib/gcc/riscv64-unknown-elf/13.2.0/rv32i/ilp32/libgcc.a(div.o)
 .debug_abbrev  0x00001aeb       0x70 /opt/riscv/lib/gcc/riscv64-unknown-elf/13.2.0/rv32i/ilp32/libgcc.a(_clz.o)

.debug_loclists
                0x00000000     0x3fdb
 .debug_loclists
                0x00000000     0x15de ./output/tasks.o
 .debug_loclists
                0x000015de       0x51 ./output/list.o
 .debug_loclists
                0x0000162f     0x1355 ./output/queue.o
 .debug_loclists
                0x00002984      0x998 ./output/timers.o
 .debug_loclists
                0x0000331c      0x374 ./output/heap_4.o
 .debug_loclists
                0x00003690       0x20 ./output/port.o
 .debug_loclists
                0x000036b0       0xf5 ./output/main.o
 .debug_loclists
                0x000037a5       0x57 ./output/main_blinky.o
 .debug_loclists
                0x000037fc       0x1e ./output/ns16550.o
 .debug_loclists
                0x0000381a      0x77d ./output/printf-stdarg.o
 .debug_loclists
                0x00003f97       0x44 /opt/riscv/lib/gcc/riscv64-unknown-elf/13.2.0/rv32i/ilp32/libgcc.a(_clzsi2.o)

.debug_aranges  0x00000000      0x6e0
 .debug_aranges
                0x00000000      0x1e8 ./output/tasks.o
 .debug_aranges
                0x000001e8       0x40 ./output/list.o
 .debug_aranges
                0x00000228      0x150 ./output/queue.o
 .debug_aranges
                0x00000378       0xc8 ./output/timers.o
 .debug_aranges
                0x00000440       0x58 ./output/heap_4.o
 .debug_aranges
                0x00000498       0x30 ./output/port.o
 .debug_aranges
                0x000004c8       0x70 ./output/main.o
 .debug_aranges
                0x00000538       0x38 ./output/main_blinky.o
 .debug_aranges
                0x00000570       0x20 ./output/ns16550.o
 .debug_aranges
                0x00000590       0x58 ./output/printf-stdarg.o
 .debug_aranges
                0x000005e8       0x40 ./output/portASM.o
 .debug_aranges
                0x00000628       0x20 ./output/start.o
 .debug_aranges
                0x00000648       0x20 ./output/vector.o
 .debug_aranges
                0x00000668       0x20 /opt/riscv/lib/gcc/riscv64-unknown-elf/13.2.0/rv32i/ilp32/libgcc.a(_clzsi2.o)
 .debug_aranges
                0x00000688       0x20 /opt/riscv/lib/gcc/riscv64-unknown-elf/13.2.0/rv32i/ilp32/libgcc.a(muldi3.o)
 .debug_aranges
                0x000006a8       0x20 /opt/riscv/lib/gcc/riscv64-unknown-elf/13.2.0/rv32i/ilp32/libgcc.a(div.o)
 .debug_aranges
                0x000006c8       0x18 /opt/riscv/lib/gcc/riscv64-unknown-elf/13.2.0/rv32i/ilp32/libgcc.a(_clz.o)

.debug_rnglists
                0x00000000      0x7e0
 .debug_rnglists
                0x00000000      0x31a ./output/tasks.o
 .debug_rnglists
                0x0000031a       0x2b ./output/list.o
 .debug_rnglists
                0x00000345      0x1f7 ./output/queue.o
 .debug_rnglists
                0x0000053c      0x11d ./output/timers.o
 .debug_rnglists
                0x00000659       0x41 ./output/heap_4.o
 .debug_rnglists
                0x0000069a       0x20 ./output/port.o
 .debug_rnglists
                0x000006ba       0x4f ./output/main.o
 .debug_rnglists
                0x00000709       0x26 ./output/main_blinky.o
 .debug_rnglists
                0x0000072f       0x1f ./output/ns16550.o
 .debug_rnglists
                0x0000074e       0x4c ./output/printf-stdarg.o
 .debug_rnglists
                0x0000079a       0x30 ./output/portASM.o
 .debug_rnglists
                0x000007ca       0x16 /opt/riscv/lib/gcc/riscv64-unknown-elf/13.2.0/rv32i/ilp32/libgcc.a(_clzsi2.o)

.debug_macro    0x00000000     0x35be
 .debug_macro   0x00000000      0x29d ./output/tasks.o
 .debug_macro   0x0000029d      0x796 ./output/tasks.o
 .debug_macro   0x00000a33       0x19 ./output/tasks.o
 .debug_macro   0x00000a4c       0x22 ./output/tasks.o
 .debug_macro   0x00000a6e       0x47 ./output/tasks.o
 .debug_macro   0x00000ab5       0x94 ./output/tasks.o
 .debug_macro   0x00000b49       0x42 ./output/tasks.o
 .debug_macro   0x00000b8b       0x34 ./output/tasks.o
 .debug_macro   0x00000bbf       0x16 ./output/tasks.o
 .debug_macro   0x00000bd5      0x11c ./output/tasks.o
 .debug_macro   0x00000cf1       0x9b ./output/tasks.o
 .debug_macro   0x00000d8c       0x16 ./output/tasks.o
 .debug_macro   0x00000da2       0x4a ./output/tasks.o
 .debug_macro   0x00000dec       0x57 ./output/tasks.o
 .debug_macro   0x00000e43       0x34 ./output/tasks.o
 .debug_macro   0x00000e77       0x10 ./output/tasks.o
 .debug_macro   0x00000e87       0x52 ./output/tasks.o
 .debug_macro   0x00000ed9       0x8e ./output/tasks.o
 .debug_macro   0x00000f67       0x1c ./output/tasks.o
 .debug_macro   0x00000f83      0x177 ./output/tasks.o
 .debug_macro   0x000010fa      0x369 ./output/tasks.o
 .debug_macro   0x00001463       0x16 ./output/tasks.o
 .debug_macro   0x00001479       0x29 ./output/tasks.o
 .debug_macro   0x000014a2       0x16 ./output/tasks.o
 .debug_macro   0x000014b8       0x3c ./output/tasks.o
 .debug_macro   0x000014f4      0x103 ./output/tasks.o
 .debug_macro   0x000015f7       0x6a ./output/tasks.o
 .debug_macro   0x00001661      0x1df ./output/tasks.o
 .debug_macro   0x00001840       0x22 ./output/tasks.o
 .debug_macro   0x00001862       0x2e ./output/tasks.o
 .debug_macro   0x00001890      0x148 ./output/tasks.o
 .debug_macro   0x000019d8      0x15a ./output/tasks.o
 .debug_macro   0x00001b32       0xd3 ./output/tasks.o
 .debug_macro   0x00001c05       0x28 ./output/tasks.o
 .debug_macro   0x00001c2d       0x1f ./output/tasks.o
 .debug_macro   0x00001c4c       0x12 ./output/tasks.o
 .debug_macro   0x00001c5e      0x4e0 ./output/tasks.o
 .debug_macro   0x0000213e       0xc3 ./output/tasks.o
 .debug_macro   0x00002201      0x120 ./output/tasks.o
 .debug_macro   0x00002321       0x91 ./output/tasks.o
 .debug_macro   0x000023b2       0x16 ./output/tasks.o
 .debug_macro   0x000023c8      0x1b6 ./output/list.o
 .debug_macro   0x0000257e      0x24e ./output/queue.o
 .debug_macro   0x000027cc       0x87 ./output/queue.o
 .debug_macro   0x00002853      0x205 ./output/timers.o
 .debug_macro   0x00002a58       0x97 ./output/timers.o
 .debug_macro   0x00002aef      0x238 ./output/heap_4.o
 .debug_macro   0x00002d27      0x1d8 ./output/port.o
 .debug_macro   0x00002eff      0x244 ./output/main.o
 .debug_macro   0x00003143      0x20b ./output/main_blinky.o
 .debug_macro   0x0000334e       0x8d ./output/main_blinky.o
 .debug_macro   0x000033db       0xe5 ./output/ns16550.o
 .debug_macro   0x000034c0       0xa6 ./output/printf-stdarg.o
 .debug_macro   0x00003566       0x58 ./output/printf-stdarg.o

.debug_line     0x00000000     0xc426
 .debug_line    0x00000000     0x4cf3 ./output/tasks.o
 .debug_line    0x00004cf3      0x478 ./output/list.o
 .debug_line    0x0000516b     0x3576 ./output/queue.o
 .debug_line    0x000086e1     0x14d7 ./output/timers.o
 .debug_line    0x00009bb8      0xb5b ./output/heap_4.o
 .debug_line    0x0000a713      0x2d0 ./output/port.o
 .debug_line    0x0000a9e3      0x4c5 ./output/main.o
 .debug_line    0x0000aea8      0x33f ./output/main_blinky.o
 .debug_line    0x0000b1e7      0x100 ./output/ns16550.o
 .debug_line    0x0000b2e7      0x9ab ./output/printf-stdarg.o
 .debug_line    0x0000bc92      0x31d ./output/portASM.o
 .debug_line    0x0000bfaf       0xe8 ./output/start.o
 .debug_line    0x0000c097       0xa4 ./output/vector.o
 .debug_line    0x0000c13b       0xdf /opt/riscv/lib/gcc/riscv64-unknown-elf/13.2.0/rv32i/ilp32/libgcc.a(_clzsi2.o)
 .debug_line    0x0000c21a       0x7a /opt/riscv/lib/gcc/riscv64-unknown-elf/13.2.0/rv32i/ilp32/libgcc.a(muldi3.o)
 .debug_line    0x0000c294      0x153 /opt/riscv/lib/gcc/riscv64-unknown-elf/13.2.0/rv32i/ilp32/libgcc.a(div.o)
 .debug_line    0x0000c3e7       0x3f /opt/riscv/lib/gcc/riscv64-unknown-elf/13.2.0/rv32i/ilp32/libgcc.a(_clz.o)

.debug_str      0x00000000    0x10b3b
 .debug_str     0x00000000    0x10b3b ./output/tasks.o
                               0xdb95 (size before relaxing)
 .debug_str     0x00010b3b     0xa8cf ./output/list.o
 .debug_str     0x00010b3b     0xd232 ./output/queue.o
 .debug_str     0x00010b3b     0xd4c8 ./output/timers.o
 .debug_str     0x00010b3b     0xc0c9 ./output/heap_4.o
 .debug_str     0x00010b3b     0xbafe ./output/port.o
 .debug_str     0x00010b3b     0xc4df ./output/main.o
 .debug_str     0x00010b3b     0xd1d6 ./output/main_blinky.o
 .debug_str     0x00010b3b     0x379b ./output/ns16550.o
 .debug_str     0x00010b3b     0x39d3 ./output/printf-stdarg.o
 .debug_str     0x00010b3b       0x9a ./output/portASM.o
 .debug_str     0x00010b3b       0x6f ./output/start.o
 .debug_str     0x00010b3b       0x9d ./output/vector.o
 .debug_str     0x00010b3b      0x1d0 /opt/riscv/lib/gcc/riscv64-unknown-elf/13.2.0/rv32i/ilp32/libgcc.a(_clzsi2.o)
 .debug_str     0x00010b3b       0xb2 /opt/riscv/lib/gcc/riscv64-unknown-elf/13.2.0/rv32i/ilp32/libgcc.a(muldi3.o)
 .debug_str     0x00010b3b       0xdf /opt/riscv/lib/gcc/riscv64-unknown-elf/13.2.0/rv32i/ilp32/libgcc.a(div.o)
 .debug_str     0x00010b3b      0x1b3 /opt/riscv/lib/gcc/riscv64-unknown-elf/13.2.0/rv32i/ilp32/libgcc.a(_clz.o)

.debug_line_str
                0x00000000      0x616
 .debug_line_str
                0x00000000      0x616 ./output/tasks.o
                                0x3f8 (size before relaxing)
 .debug_line_str
                0x00000616      0x3a5 ./output/list.o
 .debug_line_str
                0x00000616      0x3e8 ./output/queue.o
 .debug_line_str
                0x00000616      0x3c3 ./output/timers.o
 .debug_line_str
                0x00000616      0x405 ./output/heap_4.o
 .debug_line_str
                0x00000616      0x3b6 ./output/port.o
 .debug_line_str
                0x00000616      0x3d3 ./output/main.o
 .debug_line_str
                0x00000616      0x3d3 ./output/main_blinky.o
 .debug_line_str
                0x00000616      0x243 ./output/ns16550.o
 .debug_line_str
                0x00000616      0x255 ./output/printf-stdarg.o
 .debug_line_str
                0x00000616       0x8e ./output/portASM.o
 .debug_line_str
                0x00000616       0x63 ./output/start.o
 .debug_line_str
                0x00000616       0x91 ./output/vector.o
 .debug_line_str
                0x00000616      0x136 /opt/riscv/lib/gcc/riscv64-unknown-elf/13.2.0/rv32i/ilp32/libgcc.a(_clzsi2.o)
 .debug_line_str
                0x00000616       0x9d /opt/riscv/lib/gcc/riscv64-unknown-elf/13.2.0/rv32i/ilp32/libgcc.a(muldi3.o)
 .debug_line_str
                0x00000616       0x9a /opt/riscv/lib/gcc/riscv64-unknown-elf/13.2.0/rv32i/ilp32/libgcc.a(div.o)
 .debug_line_str
                0x00000616      0x136 /opt/riscv/lib/gcc/riscv64-unknown-elf/13.2.0/rv32i/ilp32/libgcc.a(_clz.o)

.comment        0x00000000       0x2d
 .comment       0x00000000       0x2d ./output/tasks.o
                                 0x1c (size before relaxing)
 .comment       0x0000002d       0x1c ./output/list.o
 .comment       0x0000002d       0x1c ./output/queue.o
 .comment       0x0000002d       0x1c ./output/timers.o
 .comment       0x0000002d       0x1c ./output/heap_4.o
 .comment       0x0000002d       0x1c ./output/port.o
 .comment       0x0000002d       0x1c ./output/main.o
 .comment       0x0000002d       0x1c ./output/main_blinky.o
 .comment       0x0000002d       0x1c ./output/ns16550.o
 .comment       0x0000002d       0x1c ./output/printf-stdarg.o
 .comment       0x0000002d       0x1c /opt/riscv/lib/gcc/riscv64-unknown-elf/13.2.0/rv32i/ilp32/libgcc.a(_clzsi2.o)
 .comment       0x0000002d       0x1c /opt/riscv/lib/gcc/riscv64-unknown-elf/13.2.0/rv32i/ilp32/libgcc.a(_clz.o)
 .comment       0x0000002d       0x13 /opt/riscv/lib/gcc/riscv64-unknown-elf/13.2.0/../../../../riscv64-unknown-elf/lib/rv32i/ilp32/libc.a(libc_a-memcpy.o)
 .comment       0x0000002d       0x13 /opt/riscv/lib/gcc/riscv64-unknown-elf/13.2.0/../../../../riscv64-unknown-elf/lib/rv32i/ilp32/libc.a(libc_a-strlen.o)

.riscv.attributes
                0x00000000       0x29
 .riscv.attributes
                0x00000000       0x29 ./output/tasks.o
 .riscv.attributes
                0x00000029       0x25 ./output/list.o
 .riscv.attributes
                0x0000004e       0x29 ./output/queue.o
 .riscv.attributes
                0x00000077       0x29 ./output/timers.o
 .riscv.attributes
                0x000000a0       0x29 ./output/heap_4.o
 .riscv.attributes
                0x000000c9       0x29 ./output/port.o
 .riscv.attributes
                0x000000f2       0x29 ./output/main.o
 .riscv.attributes
                0x0000011b       0x25 ./output/main_blinky.o
 .riscv.attributes
                0x00000140       0x25 ./output/ns16550.o
 .riscv.attributes
                0x00000165       0x25 ./output/printf-stdarg.o
 .riscv.attributes
                0x0000018a       0x27 ./output/portASM.o
 .riscv.attributes
                0x000001b1       0x27 ./output/start.o
 .riscv.attributes
                0x000001d8       0x23 ./output/vector.o
 .riscv.attributes
                0x000001fb       0x1c /opt/riscv/lib/gcc/riscv64-unknown-elf/13.2.0/rv32i/ilp32/libgcc.a(_clzsi2.o)
 .riscv.attributes
                0x00000217       0x1a /opt/riscv/lib/gcc/riscv64-unknown-elf/13.2.0/rv32i/ilp32/libgcc.a(muldi3.o)
 .riscv.attributes
                0x00000231       0x1a /opt/riscv/lib/gcc/riscv64-unknown-elf/13.2.0/rv32i/ilp32/libgcc.a(div.o)
 .riscv.attributes
                0x0000024b       0x1c /opt/riscv/lib/gcc/riscv64-unknown-elf/13.2.0/rv32i/ilp32/libgcc.a(_clz.o)
 .riscv.attributes
                0x00000267       0x1a /opt/riscv/lib/gcc/riscv64-unknown-elf/13.2.0/../../../../riscv64-unknown-elf/lib/rv32i/ilp32/libc.a(libc_a-memset.o)
 .riscv.attributes
                0x00000281       0x1c /opt/riscv/lib/gcc/riscv64-unknown-elf/13.2.0/../../../../riscv64-unknown-elf/lib/rv32i/ilp32/libc.a(libc_a-memcpy.o)
 .riscv.attributes
                0x0000029d       0x1c /opt/riscv/lib/gcc/riscv64-unknown-elf/13.2.0/../../../../riscv64-unknown-elf/lib/rv32i/ilp32/libc.a(libc_a-strlen.o)

.debug_frame    0x00000000     0x1664
 .debug_frame   0x00000000      0x870 ./output/tasks.o
 .debug_frame   0x00000870       0x60 ./output/list.o
 .debug_frame   0x000008d0      0x5c8 ./output/queue.o
 .debug_frame   0x00000e98      0x35c ./output/timers.o
 .debug_frame   0x000011f4      0x118 ./output/heap_4.o
 .debug_frame   0x0000130c       0x54 ./output/port.o
 .debug_frame   0x00001360       0xe8 ./output/main.o
 .debug_frame   0x00001448       0x80 ./output/main_blinky.o
 .debug_frame   0x000014c8       0x20 ./output/ns16550.o
 .debug_frame   0x000014e8      0x15c ./output/printf-stdarg.o
 .debug_frame   0x00001644       0x20 /opt/riscv/lib/gcc/riscv64-unknown-elf/13.2.0/rv32i/ilp32/libgcc.a(_clzsi2.o)
